2026-10-03 19:19:45.754: [INFO] CurrentProfilePath: C:\Users\Atharv Naik\Desktop\AI-CivicFix-Manual-UI\scratch\edge-profile-analysis\Default
2026-10-03 19:19:45.754: [INFO] Profiles total count: 1
2026-10-03 19:19:45.754: [INFO] Profile: name=Profile 1 path=C:\Users\Atharv Naik\Desktop\AI-CivicFix-Manual-UI\scratch\edge-profile-analysis\Default lastActive=null
2026-10-03 19:19:45.754: [INFO] LastUsedProfileDir: C:\Users\Atharv Naik\Desktop\AI-CivicFix-Manual-UI\scratch\edge-profile-analysis\Default
2026-10-03 19:19:45.754: [INFO] VisibilityChanged: 0
2026-10-03 19:19:45.767: [INFO] RecordSyncInitDuration has_sync_been_enabled: 0 state: 0
2026-10-03 19:19:45.768: [INFO] RecordSyncInitDuration has_sync_been_enabled: 0 state: 0
2026-10-03 19:19:45.770: [INFO] RecordSyncInitDuration has_sync_been_enabled: 0 state: 0
2026-10-03 19:19:45.771: [INFO] RecordSyncInitDuration has_sync_been_enabled: 0 state: 0
2026-10-03 19:19:45.772: [INFO] RecordSyncInitDuration has_sync_been_enabled: 0 state: 0
2026-10-03 19:19:45.773: [INFO] RecordSyncInitDuration has_sync_been_enabled: 0 state: 0
2026-10-03 19:19:45.775: [INFO] RecordSyncInitDuration has_sync_been_enabled: 0 state: 0
2026-10-03 19:19:45.776: [INFO] RecordSyncInitDuration has_sync_been_enabled: 0 state: 0
2026-10-03 19:19:45.777: [INFO] RecordSyncInitDuration has_sync_been_enabled: 0 state: 0
2026-10-03 19:19:45.778: [INFO] RecordSyncInitDuration has_sync_been_enabled: 0 state: 0
2026-10-03 19:19:45.792: [INFO] BookmarkNodeAdded, ABU: 0
2026-10-03 19:19:45.793: [INFO] BookmarkNodeAdded, ABU: 0
2026-10-03 19:19:45.793: [INFO] BookmarkNodeAdded, ABU: 0
2026-10-03 19:19:45.793: [INFO] OnDoneLoading sync enabled: 0
2026-10-03 19:19:45.793: [INFO] BookmarkModelLoaded, ids_reassigned: 0
2026-10-03 19:19:45.793: [INFO] BookmarksLoadDropped droppedNodes=0
2026-10-03 19:19:45.793: [INFO] BookmarksSnapshot Startup total=3 bar=3 other=0 mobile=0 showBar=0 showBarNTP=1
2026-10-03 19:19:45.835: [INFO] RecordSyncInitDuration has_sync_been_enabled: 0 state: 0
2026-10-03 19:19:48.156: [INFO] RecordSyncInitDuration has_sync_been_enabled: 0 state: 0
2026-10-03 19:19:48.162: [INFO] RecordSyncInitDuration has_sync_been_enabled: 0 state: 3
2026-10-03 19:19:48.165: [INFO] Primary account changed.
2026-10-03 19:19:48.165: [INFO] OnPrimaryAccountChanged PrimaryAccountChangeEvent::Type::kSet
2026-10-03 19:19:48.178: [INFO] RecordSyncInitDuration has_sync_been_enabled: 0 state: 3
2026-10-03 19:19:48.202: [INFO] RecordSyncInitDuration has_sync_been_enabled: 0 state: 3
2026-10-03 19:19:52.174: [INFO] BookmarkNodeAdded, ABU: 0
2026-10-03 19:19:52.854: [INFO] Sync initialization duration: 4541ms
2026-10-03 19:21:46.534: [INFO] CurrentProfilePath: C:\Users\Atharv Naik\Desktop\AI-CivicFix-Manual-UI\scratch\edge-profile-analysis\Default
2026-10-03 19:21:46.534: [INFO] Profiles total count: 1
2026-10-03 19:21:46.534: [INFO] Profile: name=Personal path=C:\Users\Atharv Naik\Desktop\AI-CivicFix-Manual-UI\scratch\edge-profile-analysis\Default lastActive=2026-10-03T19:19:45.764Z
2026-10-03 19:21:46.534: [INFO] LastUsedProfileDir: C:\Users\Atharv Naik\Desktop\AI-CivicFix-Manual-UI\scratch\edge-profile-analysis\Default
2026-10-03 19:21:46.534: [INFO] MostRecentlyActiveProfile: name=Personal path=C:\Users\Atharv Naik\Desktop\AI-CivicFix-Manual-UI\scratch\edge-profile-analysis\Default lastActive=2026-10-03T19:19:45.764Z
2026-10-03 19:21:46.534: [INFO] VisibilityChanged: 0
2026-10-03 19:21:46.576: [INFO] OnDoneLoading sync enabled: 1
2026-10-03 19:21:46.576: [INFO] BookmarkModelLoaded, ids_reassigned: 0
2026-10-03 19:21:46.576: [INFO] BookmarksLoadDropped droppedNodes=0
2026-10-03 19:21:46.576: [INFO] BookmarksSnapshot Startup total=4 bar=4 other=0 mobile=0 showBar=0 showBarNTP=1
2026-10-03 19:21:49.113: [INFO] Sync initialization duration: 21ms
