{"logTime": "1003/214114", "correlationVector":"bZ+yU5V8NvyQZd4i28t9Ym.1","action":"SyncServerConnectionManagerRequest", "result":"SYNC_SERVER_OK", "context":{"environment":"Prod_southindia_prod-s01-004-apac-southindia", "migrationStage":"NotStarted", "server":"akswtt107000047"}}
{"logTime": "1003/214114", "correlationVector":"bZ+yU5V8NvyQZd4i28t9Ym.2","action":"ProcessGetUpdates", "result":"Done", "context":{"dataType":"Encryption Keys", "deleted":"0", "process_failed_to_decrypt":"0", "process_pending_decryption":"0", "process_success":"1", "total":"1"}}
{"logTime": "1003/214115", "correlationVector":"JWF6PEcwpnHHM3lSiyh38X","action":"SyncServerConnectionManagerRequest", "result":"SYNC_SERVER_OK", "context":{"environment":"", "migrationStage":"", "server":""}}
{"logTime": "1003/214115", "correlationVector":"JWF6PEcwpnHHM3lSiyh38X.0","action":"EncryptionKeysFetcher.DownloadKeys:", "result":"Success", "context":Key count: 3, Last key timestamp: 2026-07-14T09:23:30Z}
{"logTime": "1003/214115", "correlationVector":"JWF6PEcwpnHHM3lSiyh38X.1","action":"EncryptionKeysManager::SetEncryptionKeys:", "result":"Success", "context":Key names[3]:[MFTGgUJ6zvMhG7XUpkbXRIZuL3K0vvEKwfbaUjaNBSg25UBYOjxzgNfOUi6PKb01nYlblTWhrDeLP0fzoxx3nA==][Xigf9pw4w3OPeMEGSrxcpp0F7RNksjy3xFEbBtR+Ham4DP7gXDqaPVV+F0m9WOb5CF36FUiMd06thplg2h2o0A==][ziK4VEzysj5AVn8OK53QaU5/kpmzgZwWSOJsBCx1mWpFiy4TEQor3biRj1HvkhuajbwjKNr8Ays9efHpzwYQng==]}
{"logTime": "1003/214115", "correlationVector":"JWF6PEcwpnHHM3lSiyh38X.2","action":"EncryptionKeysManager::SetEncryptionKeysWithTimestamps:", "result":"Success", "context":Key timestamps[3]:[2025-07-16T07:47:19Z][2026-01-13T23:14:48Z][2026-07-14T09:23:30Z]}
{"logTime": "1003/214115", "correlationVector":"bZ+yU5V8NvyQZd4i28t9Ym","action":"Initial GetUpdates", "result":"", "context":Reason: NEW_CLIENT. cV=bZ+yU5V8NvyQZd4i28t9Ym}
{"logTime": "1003/214115", "correlationVector":"bZ+yU5V8NvyQZd4i28t9Ym.3","action":"GetUpdates Response", "result":"Success", "context":Received 1 update(s). cV=bZ+yU5V8NvyQZd4i28t9Ym.0;server=akswtt107000047;cloudType=Consumer;environment=Prod_southindia_prod-s01-004-apac-southindia;migrationStage=NotStarted}
{"logTime": "1003/214115", "correlationVector":"Y+0iG6nCQLse2Nh8r9ovMK","action":"Initial GetUpdates", "result":"", "context":Reason: NEWLY_SUPPORTED_DATATYPE. cV=Y+0iG6nCQLse2Nh8r9ovMK}
{"logTime": "1003/214116", "correlationVector":"Y+0iG6nCQLse2Nh8r9ovMK.1","action":"SyncServerConnectionManagerRequest", "result":"SYNC_SERVER_OK", "context":{"environment":"Prod_southindia_prod-s01-004-apac-southindia", "migrationStage":"NotStarted", "server":"akswtt10700005f"}}
{"logTime": "1003/214116", "correlationVector":"Y+0iG6nCQLse2Nh8r9ovMK.2","action":"ProcessGetUpdates", "result":"Done", "context":{"dataType":"Passwords", "deleted":"0", "process_failed_to_decrypt":"0", "process_pending_decryption":"0", "process_success":"7", "total":"7"}}
{"logTime": "1003/214116", "correlationVector":"Y+0iG6nCQLse2Nh8r9ovMK.3","action":"ProcessGetUpdates", "result":"Done", "context":{"dataType":"Device Info", "deleted":"0", "process_failed_to_decrypt":"0", "process_pending_decryption":"0", "process_success":"9", "total":"9"}}
{"logTime": "1003/214116", "correlationVector":"Y+0iG6nCQLse2Nh8r9ovMK.4","action":"GetUpdates Response", "result":"Success", "context":Received 16 update(s). cV=Y+0iG6nCQLse2Nh8r9ovMK.0;server=akswtt10700005f;cloudType=Consumer;environment=Prod_southindia_prod-s01-004-apac-southindia;migrationStage=NotStarted}
{"logTime": "1003/214116", "correlationVector":"CJ6AP4jND4cUtGQO6xgqCj","action":"Initial GetUpdates", "result":"", "context":Reason: NEWLY_SUPPORTED_DATATYPE. cV=CJ6AP4jND4cUtGQO6xgqCj}
{"logTime": "1003/214116", "correlationVector":"CJ6AP4jND4cUtGQO6xgqCj.1","action":"SyncServerConnectionManagerRequest", "result":"SYNC_SERVER_OK", "context":{"environment":"Prod_southindia_prod-s01-004-apac-southindia", "migrationStage":"NotStarted", "server":"akswtt1070000bz"}}
{"logTime": "1003/214116", "correlationVector":"CJ6AP4jND4cUtGQO6xgqCj.2","action":"ProcessGetUpdates", "result":"Done", "context":{"dataType":"Bookmarks", "deleted":"0", "process_failed_to_decrypt":"0", "process_pending_decryption":"0", "process_success":"7", "total":"7"}}
{"logTime": "1003/214116", "correlationVector":"CJ6AP4jND4cUtGQO6xgqCj.3","action":"ProcessGetUpdates", "result":"Done", "context":{"dataType":"Preferences", "deleted":"0", "process_failed_to_decrypt":"0", "process_pending_decryption":"0", "process_success":"54", "total":"54"}}
{"logTime": "1003/214116", "correlationVector":"CJ6AP4jND4cUtGQO6xgqCj.4","action":"ProcessGetUpdates", "result":"Done", "context":{"dataType":"Autofill Profiles", "deleted":"1", "process_failed_to_decrypt":"0", "process_pending_decryption":"0", "process_success":"1", "total":"1"}}
{"logTime": "1003/214116", "correlationVector":"CJ6AP4jND4cUtGQO6xgqCj.5","action":"ProcessGetUpdates", "result":"Done", "context":{"dataType":"Autofill", "deleted":"0", "process_failed_to_decrypt":"0", "process_pending_decryption":"0", "process_success":"31", "total":"31"}}
{"logTime": "1003/214116", "correlationVector":"CJ6AP4jND4cUtGQO6xgqCj.6","action":"ProcessGetUpdates", "result":"Done", "context":{"dataType":"Sessions", "deleted":"11", "process_failed_to_decrypt":"0", "process_pending_decryption":"0", "process_success":"22", "total":"22"}}
{"logTime": "1003/214116", "correlationVector":"CJ6AP4jND4cUtGQO6xgqCj.7","action":"ProcessGetUpdates", "result":"Done", "context":{"dataType":"Edge Hub App Usage", "deleted":"1", "process_failed_to_decrypt":"0", "process_pending_decryption":"0", "process_success":"4", "total":"4"}}
{"logTime": "1003/214116", "correlationVector":"CJ6AP4jND4cUtGQO6xgqCj.8","action":"GetUpdates Response", "result":"Success", "context":Received 119 update(s). cV=CJ6AP4jND4cUtGQO6xgqCj.0;server=akswtt1070000bz;cloudType=Consumer;environment=Prod_southindia_prod-s01-004-apac-southindia;migrationStage=NotStarted}
{"logTime": "1003/214116", "correlationVector":"5WxXrQIdL1TDLFOPGDJQAt","action":"Initial GetUpdates", "result":"", "context":Reason: NEWLY_SUPPORTED_DATATYPE. cV=5WxXrQIdL1TDLFOPGDJQAt}
{"logTime": "1003/214117", "correlationVector":"5WxXrQIdL1TDLFOPGDJQAt.1","action":"SyncServerConnectionManagerRequest", "result":"SYNC_SERVER_OK", "context":{"environment":"Prod_southindia_prod-s01-004-apac-southindia", "migrationStage":"NotStarted", "server":"akswtt1070000c5"}}
{"logTime": "1003/214117", "correlationVector":"5WxXrQIdL1TDLFOPGDJQAt.2","action":"ProcessGetUpdates", "result":"Done", "context":{"dataType":"History", "deleted":"0", "process_failed_to_decrypt":"0", "process_pending_decryption":"0", "process_success":"9", "total":"9"}}
{"logTime": "1003/214117", "correlationVector":"5WxXrQIdL1TDLFOPGDJQAt.3","action":"GetUpdates Response", "result":"Success", "context":Received 9 update(s). cV=5WxXrQIdL1TDLFOPGDJQAt.0;server=akswtt1070000c5;cloudType=Consumer;environment=Prod_southindia_prod-s01-004-apac-southindia;migrationStage=NotStarted}
{"logTime": "1003/214117", "correlationVector":"fC93VNewPEZep6psGCElRo","action":"Normal GetUpdate request", "result":"", "context":cV=fC93VNewPEZep6psGCElRo
Nudged types: Sessions, Device Info, User Consents
Refresh requested types: Bookmarks, Preferences, Passwords, Autofill Profiles, Autofill, Extensions, Sessions, Extension settings, History Delete Directives, Device Info, User Consents, Send Tab To Self, Web Apps, History, Saved Tab Group, WebAuthn Credentials, Edge Hub App Usage, Edge Workspace, Encryption Keys}
{"logTime": "1003/214118", "correlationVector":"fC93VNewPEZep6psGCElRo.1","action":"SyncServerConnectionManagerRequest", "result":"SYNC_SERVER_OK", "context":{"environment":"Prod_southindia_prod-s01-004-apac-southindia", "migrationStage":"NotStarted", "server":"akswtt10700005e"}}
{"logTime": "1003/214118", "correlationVector":"fC93VNewPEZep6psGCElRo.2","action":"GetUpdates Response", "result":"Success", "context":Received 0 update(s). cV=fC93VNewPEZep6psGCElRo.0;server=akswtt10700005e;cloudType=Consumer;environment=Prod_southindia_prod-s01-004-apac-southindia;migrationStage=NotStarted}
{"logTime": "1003/214118", "correlationVector":"XaOBuuBMTnpyUCUHshAJRl","action":"DoCompareDataConsistency requsted types: ", "result":"Bookmarks, Preferences, Passwords, Extensions, Extension settings, History Delete Directives, Send Tab To Self, Web Apps, History, Saved Tab Group, WebAuthn Credentials, Edge Workspace, Encryption Keys"}
{"logTime": "1003/214118", "correlationVector":"XaOBuuBMTnpyUCUHshAJRl.0","action":"CompareDataConsistency result: ", "result":"Compare result: Encryption Keys is consistent. local entities count is: 1 local entities hash is: HYcsYd/fB5ndyKIZApmlMsj/2IA="}
{"logTime": "1003/214118", "correlationVector":"XaOBuuBMTnpyUCUHshAJRl.1","action":"CompareDataConsistency result: ", "result":"Compare result: Bookmarks is consistent. local entities count is: 1 local entities hash is: Yz0UwK1p3W4DAoBmBO7pEYW+euI="}
{"logTime": "1003/214118", "correlationVector":"XaOBuuBMTnpyUCUHshAJRl.2","action":"CompareDataConsistency result: ", "result":"Compare result: Preferences is consistent. local entities count is: 54 local entities hash is: OXJiTUr3jb7nn2r/qtuFX/+0tCE="}
{"logTime": "1003/214118", "correlationVector":"XaOBuuBMTnpyUCUHshAJRl.3","action":"CompareDataConsistency result: ", "result":"Compare result: Extensions is consistent. local entities count is: 0 local entities hash is: "}
{"logTime": "1003/214118", "correlationVector":"XaOBuuBMTnpyUCUHshAJRl.4","action":"CompareDataConsistency result: ", "result":"Compare result: Extension settings is consistent. local entities count is: 0 local entities hash is: "}
{"logTime": "1003/214118", "correlationVector":"XaOBuuBMTnpyUCUHshAJRl.5","action":"CompareDataConsistency result: ", "result":"Compare result: History Delete Directives is consistent. local entities count is: 0 local entities hash is: "}
{"logTime": "1003/214118", "correlationVector":"XaOBuuBMTnpyUCUHshAJRl.6","action":"CompareDataConsistency result: ", "result":"Server did not send this Send Tab To Self local entities count is: 0 local entities hash is: "}
{"logTime": "1003/214118", "correlationVector":"XaOBuuBMTnpyUCUHshAJRl.7","action":"CompareDataConsistency result: ", "result":"Compare result: Web Apps is consistent. local entities count is: 0 local entities hash is: "}
{"logTime": "1003/214118", "correlationVector":"XaOBuuBMTnpyUCUHshAJRl.8","action":"CompareDataConsistency result: ", "result":"Server did not send this History local entities count is: 0 local entities hash is: "}
{"logTime": "1003/214118", "correlationVector":"XaOBuuBMTnpyUCUHshAJRl.9","action":"CompareDataConsistency result: ", "result":"Compare result: Saved Tab Group is consistent. local entities count is: 0 local entities hash is: "}
{"logTime": "1003/214118", "correlationVector":"XaOBuuBMTnpyUCUHshAJRl.10","action":"CompareDataConsistency result: ", "result":"Server did not send this WebAuthn Credentials local entities count is: 0 local entities hash is: "}
{"logTime": "1003/214118", "correlationVector":"XaOBuuBMTnpyUCUHshAJRl.11","action":"CompareDataConsistency result: ", "result":"Server did not send this Edge Workspace local entities count is: 0 local entities hash is: "}
{"logTime": "1003/214118", "correlationVector":"XaOBuuBMTnpyUCUHshAJRl.12","action":"CompareDataConsistency result: ", "result":"Compare result: Passwords is consistent. local entities count is: 7 local entities hash is: 5xmRbqqf4pDLa89Kyf2FyBsJM5Q="}
{"logTime": "1003/214118", "correlationVector":"kxcGnP9yHcoNbcpEHKW8tx","action":"Commit Request", "result":"", "context":Item count: 4
Contributing types: Sessions, Device Info, User Consents}
{"logTime": "1003/214119", "correlationVector":"kxcGnP9yHcoNbcpEHKW8tx.1","action":"SyncServerConnectionManagerRequest", "result":"SYNC_SERVER_OK", "context":{"environment":"Prod_southindia_prod-s01-004-apac-southindia", "migrationStage":"NotStarted", "server":"akswtt10700004t"}}
{"logTime": "1003/214119", "correlationVector":"kxcGnP9yHcoNbcpEHKW8tx.2","action":"Commit Response", "result":"Success", "context":Result: Success. cV=kxcGnP9yHcoNbcpEHKW8tx.0;server=akswtt10700004t;cloudType=Consumer;environment=Prod_southindia_prod-s01-004-apac-southindia;migrationStage=NotStarted}
{"logTime": "1003/214119", "correlationVector":"","action":"DIAGNOSTIC_REQUEST|v1/diagnosticData/Diagnostic.SendCheckResult()|SUCCESS", "result":""}
