{"logTime": "1003/185816", "correlationVector":"9cThGFvhftbnpZYV6XjEyl.1","action":"SyncServerConnectionManagerRequest", "result":"SYNC_SERVER_OK", "context":{"environment":"Prod_southindia_prod-s01-004-apac-southindia", "migrationStage":"NotStarted", "server":"akswtt1070000bm"}}
{"logTime": "1003/185816", "correlationVector":"9cThGFvhftbnpZYV6XjEyl.2","action":"ProcessGetUpdates", "result":"Done", "context":{"dataType":"Encryption Keys", "deleted":"0", "process_failed_to_decrypt":"0", "process_pending_decryption":"0", "process_success":"1", "total":"1"}}
{"logTime": "1003/185958", "correlationVector":"pBJi5VeHNRcpk43hPI7vLy.1","action":"SyncServerConnectionManagerRequest", "result":"SYNC_SERVER_OK", "context":{"environment":"Prod_southindia_prod-s01-004-apac-southindia", "migrationStage":"NotStarted", "server":"akswtt10700004t"}}
{"logTime": "1003/185958", "correlationVector":"pBJi5VeHNRcpk43hPI7vLy.2","action":"ProcessGetUpdates", "result":"Done", "context":{"dataType":"Encryption Keys", "deleted":"0", "process_failed_to_decrypt":"0", "process_pending_decryption":"0", "process_success":"1", "total":"1"}}
{"logTime": "1003/185959", "correlationVector":"Pqo0ts6AEGw1a81APClfN/","action":"SyncServerConnectionManagerRequest", "result":"SYNC_SERVER_OK", "context":{"environment":"", "migrationStage":"", "server":""}}
{"logTime": "1003/185959", "correlationVector":"Pqo0ts6AEGw1a81APClfN/.0","action":"EncryptionKeysFetcher.DownloadKeys:", "result":"Success", "context":Key count: 3, Last key timestamp: 2026-07-14T09:23:30Z}
{"logTime": "1003/185959", "correlationVector":"Pqo0ts6AEGw1a81APClfN/.1","action":"EncryptionKeysManager::SetEncryptionKeys:", "result":"Success", "context":Key names[3]:[MFTGgUJ6zvMhG7XUpkbXRIZuL3K0vvEKwfbaUjaNBSg25UBYOjxzgNfOUi6PKb01nYlblTWhrDeLP0fzoxx3nA==][Xigf9pw4w3OPeMEGSrxcpp0F7RNksjy3xFEbBtR+Ham4DP7gXDqaPVV+F0m9WOb5CF36FUiMd06thplg2h2o0A==][ziK4VEzysj5AVn8OK53QaU5/kpmzgZwWSOJsBCx1mWpFiy4TEQor3biRj1HvkhuajbwjKNr8Ays9efHpzwYQng==]}
{"logTime": "1003/185959", "correlationVector":"Pqo0ts6AEGw1a81APClfN/.2","action":"EncryptionKeysManager::SetEncryptionKeysWithTimestamps:", "result":"Success", "context":Key timestamps[3]:[2025-07-16T07:47:19Z][2026-01-13T23:14:48Z][2026-07-14T09:23:30Z]}
{"logTime": "1003/185959", "correlationVector":"pBJi5VeHNRcpk43hPI7vLy","action":"Initial GetUpdates", "result":"", "context":Reason: NEW_CLIENT. cV=pBJi5VeHNRcpk43hPI7vLy}
{"logTime": "1003/185959", "correlationVector":"pBJi5VeHNRcpk43hPI7vLy.3","action":"GetUpdates Response", "result":"Success", "context":Received 1 update(s). cV=pBJi5VeHNRcpk43hPI7vLy.0;server=akswtt10700004t;cloudType=Consumer;environment=Prod_southindia_prod-s01-004-apac-southindia;migrationStage=NotStarted}
{"logTime": "1003/185959", "correlationVector":"VduBXSiqSwXnscMztpnErc","action":"Initial GetUpdates", "result":"", "context":Reason: NEWLY_SUPPORTED_DATATYPE. cV=VduBXSiqSwXnscMztpnErc}
{"logTime": "1003/190000", "correlationVector":"VduBXSiqSwXnscMztpnErc.1","action":"SyncServerConnectionManagerRequest", "result":"SYNC_SERVER_OK", "context":{"environment":"Prod_southindia_prod-s01-004-apac-southindia", "migrationStage":"NotStarted", "server":"akswtt1070000cq"}}
{"logTime": "1003/190000", "correlationVector":"VduBXSiqSwXnscMztpnErc.2","action":"ProcessGetUpdates", "result":"Done", "context":{"dataType":"Device Info", "deleted":"0", "process_failed_to_decrypt":"0", "process_pending_decryption":"0", "process_success":"4", "total":"4"}}
{"logTime": "1003/190000", "correlationVector":"VduBXSiqSwXnscMztpnErc.3","action":"GetUpdates Response", "result":"Success", "context":Received 4 update(s). cV=VduBXSiqSwXnscMztpnErc.0;server=akswtt1070000cq;cloudType=Consumer;environment=Prod_southindia_prod-s01-004-apac-southindia;migrationStage=NotStarted}
{"logTime": "1003/190000", "correlationVector":"ZRuWkfvvPgkkYg6XrgzSf1","action":"Initial GetUpdates", "result":"", "context":Reason: NEWLY_SUPPORTED_DATATYPE. cV=ZRuWkfvvPgkkYg6XrgzSf1}
{"logTime": "1003/190001", "correlationVector":"ZRuWkfvvPgkkYg6XrgzSf1.1","action":"SyncServerConnectionManagerRequest", "result":"SYNC_SERVER_OK", "context":{"environment":"Prod_southindia_prod-s01-004-apac-southindia", "migrationStage":"NotStarted", "server":"akswtt1070000cx"}}
{"logTime": "1003/190001", "correlationVector":"ZRuWkfvvPgkkYg6XrgzSf1.2","action":"GetUpdates Response", "result":"Success", "context":Received 0 update(s). cV=ZRuWkfvvPgkkYg6XrgzSf1.0;server=akswtt1070000cx;cloudType=Consumer;environment=Prod_southindia_prod-s01-004-apac-southindia;migrationStage=NotStarted}
{"logTime": "1003/190001", "correlationVector":"aw61qk1i82SOGiM0nGP8JE","action":"Normal GetUpdate request", "result":"", "context":cV=aw61qk1i82SOGiM0nGP8JE
Nudged types: Device Info, User Consents
Refresh requested types: Extensions, Extension settings, Device Info, User Consents, Send Tab To Self, Web Apps, Encryption Keys}
{"logTime": "1003/190001", "correlationVector":"aw61qk1i82SOGiM0nGP8JE.1","action":"SyncServerConnectionManagerRequest", "result":"SYNC_SERVER_OK", "context":{"environment":"Prod_southindia_prod-s01-004-apac-southindia", "migrationStage":"NotStarted", "server":"akswtt107000054"}}
{"logTime": "1003/190001", "correlationVector":"aw61qk1i82SOGiM0nGP8JE.2","action":"GetUpdates Response", "result":"Success", "context":Received 0 update(s). cV=aw61qk1i82SOGiM0nGP8JE.0;server=akswtt107000054;cloudType=Consumer;environment=Prod_southindia_prod-s01-004-apac-southindia;migrationStage=NotStarted}
{"logTime": "1003/190001", "correlationVector":"sGztecGdvduP/ztIGkeMwH","action":"DoCompareDataConsistency requsted types: ", "result":"Extensions, Extension settings, Send Tab To Self, Web Apps, Encryption Keys"}
{"logTime": "1003/190001", "correlationVector":"sGztecGdvduP/ztIGkeMwH.0","action":"CompareDataConsistency result: ", "result":"Compare result: Encryption Keys is consistent. local entities count is: 1 local entities hash is: HYcsYd/fB5ndyKIZApmlMsj/2IA="}
{"logTime": "1003/190001", "correlationVector":"sGztecGdvduP/ztIGkeMwH.1","action":"CompareDataConsistency result: ", "result":"Compare result: Extensions is consistent. local entities count is: 0 local entities hash is: "}
{"logTime": "1003/190001", "correlationVector":"sGztecGdvduP/ztIGkeMwH.2","action":"CompareDataConsistency result: ", "result":"Compare result: Extension settings is consistent. local entities count is: 0 local entities hash is: "}
{"logTime": "1003/190001", "correlationVector":"sGztecGdvduP/ztIGkeMwH.3","action":"CompareDataConsistency result: ", "result":"Server did not send this Send Tab To Self local entities count is: 0 local entities hash is: "}
{"logTime": "1003/190001", "correlationVector":"sGztecGdvduP/ztIGkeMwH.4","action":"CompareDataConsistency result: ", "result":"Compare result: Web Apps is consistent. local entities count is: 0 local entities hash is: "}
{"logTime": "1003/190001", "correlationVector":"23tnfa6Bt/YXBbb+wke3Gt","action":"Commit Request", "result":"", "context":Item count: 2
Contributing types: Device Info, User Consents}
{"logTime": "1003/190003", "correlationVector":"23tnfa6Bt/YXBbb+wke3Gt.1","action":"SyncServerConnectionManagerRequest", "result":"SYNC_SERVER_OK", "context":{"environment":"Prod_southindia_prod-s01-004-apac-southindia", "migrationStage":"NotStarted", "server":"akswtt107000040"}}
{"logTime": "1003/190003", "correlationVector":"23tnfa6Bt/YXBbb+wke3Gt.2","action":"Commit Response", "result":"Success", "context":Result: Success. cV=23tnfa6Bt/YXBbb+wke3Gt.0;server=akswtt107000040;cloudType=Consumer;environment=Prod_southindia_prod-s01-004-apac-southindia;migrationStage=NotStarted}
{"logTime": "1003/190003", "correlationVector":"","action":"DIAGNOSTIC_REQUEST|v1/diagnosticData/Diagnostic.SendCheckResult()|SUCCESS", "result":""}
{"logTime": "1003/214202", "correlationVector":"5RWTFDiDooZ4ulCvWC8dOS.1","action":"SyncServerConnectionManagerRequest", "result":"SYNC_SERVER_OK", "context":{"environment":"Prod_southindia_prod-s01-004-apac-southindia", "migrationStage":"NotStarted", "server":"akswtt10700004c"}}
{"logTime": "1003/214202", "correlationVector":"5RWTFDiDooZ4ulCvWC8dOS.2","action":"ProcessGetUpdates", "result":"Done", "context":{"dataType":"Encryption Keys", "deleted":"0", "process_failed_to_decrypt":"0", "process_pending_decryption":"0", "process_success":"1", "total":"1"}}
{"logTime": "1003/214204", "correlationVector":"DZNBk8gDPROqTqPQoNkMgM","action":"SyncServerConnectionManagerRequest", "result":"SYNC_SERVER_OK", "context":{"environment":"", "migrationStage":"", "server":""}}
{"logTime": "1003/214204", "correlationVector":"DZNBk8gDPROqTqPQoNkMgM.0","action":"EncryptionKeysFetcher.DownloadKeys:", "result":"Success", "context":Key count: 3, Last key timestamp: 2026-07-14T09:23:30Z}
{"logTime": "1003/214204", "correlationVector":"DZNBk8gDPROqTqPQoNkMgM.1","action":"EncryptionKeysManager::SetEncryptionKeys:", "result":"Success", "context":Key names[3]:[MFTGgUJ6zvMhG7XUpkbXRIZuL3K0vvEKwfbaUjaNBSg25UBYOjxzgNfOUi6PKb01nYlblTWhrDeLP0fzoxx3nA==][Xigf9pw4w3OPeMEGSrxcpp0F7RNksjy3xFEbBtR+Ham4DP7gXDqaPVV+F0m9WOb5CF36FUiMd06thplg2h2o0A==][ziK4VEzysj5AVn8OK53QaU5/kpmzgZwWSOJsBCx1mWpFiy4TEQor3biRj1HvkhuajbwjKNr8Ays9efHpzwYQng==]}
{"logTime": "1003/214204", "correlationVector":"DZNBk8gDPROqTqPQoNkMgM.2","action":"EncryptionKeysManager::SetEncryptionKeysWithTimestamps:", "result":"Success", "context":Key timestamps[3]:[2025-07-16T07:47:19Z][2026-01-13T23:14:48Z][2026-07-14T09:23:30Z]}
{"logTime": "1003/214204", "correlationVector":"5RWTFDiDooZ4ulCvWC8dOS","action":"Initial GetUpdates", "result":"", "context":Reason: NEW_CLIENT. cV=5RWTFDiDooZ4ulCvWC8dOS}
{"logTime": "1003/214204", "correlationVector":"5RWTFDiDooZ4ulCvWC8dOS.3","action":"GetUpdates Response", "result":"Success", "context":Received 1 update(s). cV=5RWTFDiDooZ4ulCvWC8dOS.0;server=akswtt10700004c;cloudType=Consumer;environment=Prod_southindia_prod-s01-004-apac-southindia;migrationStage=NotStarted}
{"logTime": "1003/214204", "correlationVector":"qqILEYQS8re1H/VBoUY3I4","action":"Initial GetUpdates", "result":"", "context":Reason: NEWLY_SUPPORTED_DATATYPE. cV=qqILEYQS8re1H/VBoUY3I4}
{"logTime": "1003/214204", "correlationVector":"qqILEYQS8re1H/VBoUY3I4.1","action":"SyncServerConnectionManagerRequest", "result":"SYNC_SERVER_OK", "context":{"environment":"Prod_southindia_prod-s01-004-apac-southindia", "migrationStage":"NotStarted", "server":"akswtt10700005o"}}
{"logTime": "1003/214204", "correlationVector":"qqILEYQS8re1H/VBoUY3I4.2","action":"ProcessGetUpdates", "result":"Done", "context":{"dataType":"Device Info", "deleted":"0", "process_failed_to_decrypt":"0", "process_pending_decryption":"0", "process_success":"10", "total":"10"}}
{"logTime": "1003/214204", "correlationVector":"qqILEYQS8re1H/VBoUY3I4.3","action":"GetUpdates Response", "result":"Success", "context":Received 10 update(s). cV=qqILEYQS8re1H/VBoUY3I4.0;server=akswtt10700005o;cloudType=Consumer;environment=Prod_southindia_prod-s01-004-apac-southindia;migrationStage=NotStarted}
{"logTime": "1003/214204", "correlationVector":"JU2i+QwdXODnVAxALdN/98","action":"Initial GetUpdates", "result":"", "context":Reason: NEWLY_SUPPORTED_DATATYPE. cV=JU2i+QwdXODnVAxALdN/98}
{"logTime": "1003/214205", "correlationVector":"JU2i+QwdXODnVAxALdN/98.1","action":"SyncServerConnectionManagerRequest", "result":"SYNC_SERVER_OK", "context":{"environment":"Prod_southindia_prod-s01-004-apac-southindia", "migrationStage":"NotStarted", "server":"akswtt107000067"}}
{"logTime": "1003/214205", "correlationVector":"JU2i+QwdXODnVAxALdN/98.2","action":"GetUpdates Response", "result":"Success", "context":Received 0 update(s). cV=JU2i+QwdXODnVAxALdN/98.0;server=akswtt107000067;cloudType=Consumer;environment=Prod_southindia_prod-s01-004-apac-southindia;migrationStage=NotStarted}
{"logTime": "1003/214205", "correlationVector":"YBMsZzCmW3bZ0+7kYpz4GG","action":"Normal GetUpdate request", "result":"", "context":cV=YBMsZzCmW3bZ0+7kYpz4GG
Nudged types: Device Info
Refresh requested types: Extensions, Extension settings, Device Info, User Consents, Send Tab To Self, Web Apps, Encryption Keys}
{"logTime": "1003/214205", "correlationVector":"YBMsZzCmW3bZ0+7kYpz4GG.1","action":"SyncServerConnectionManagerRequest", "result":"SYNC_SERVER_OK", "context":{"environment":"Prod_southindia_prod-s01-004-apac-southindia", "migrationStage":"NotStarted", "server":"akswtt10700005a"}}
{"logTime": "1003/214205", "correlationVector":"YBMsZzCmW3bZ0+7kYpz4GG.2","action":"GetUpdates Response", "result":"Success", "context":Received 0 update(s). cV=YBMsZzCmW3bZ0+7kYpz4GG.0;server=akswtt10700005a;cloudType=Consumer;environment=Prod_southindia_prod-s01-004-apac-southindia;migrationStage=NotStarted}
{"logTime": "1003/214205", "correlationVector":"VbYWsYfJRNBKkvbfmiJHiY","action":"DoCompareDataConsistency requsted types: ", "result":"Extensions, Extension settings, Send Tab To Self, Web Apps, Encryption Keys"}
{"logTime": "1003/214205", "correlationVector":"VbYWsYfJRNBKkvbfmiJHiY.0","action":"CompareDataConsistency result: ", "result":"Compare result: Encryption Keys is consistent. local entities count is: 1 local entities hash is: HYcsYd/fB5ndyKIZApmlMsj/2IA="}
{"logTime": "1003/214205", "correlationVector":"VbYWsYfJRNBKkvbfmiJHiY.1","action":"CompareDataConsistency result: ", "result":"Compare result: Extensions is consistent. local entities count is: 0 local entities hash is: "}
{"logTime": "1003/214205", "correlationVector":"VbYWsYfJRNBKkvbfmiJHiY.2","action":"CompareDataConsistency result: ", "result":"Compare result: Extension settings is consistent. local entities count is: 0 local entities hash is: "}
{"logTime": "1003/214205", "correlationVector":"VbYWsYfJRNBKkvbfmiJHiY.3","action":"CompareDataConsistency result: ", "result":"Server did not send this Send Tab To Self local entities count is: 0 local entities hash is: "}
{"logTime": "1003/214205", "correlationVector":"VbYWsYfJRNBKkvbfmiJHiY.4","action":"CompareDataConsistency result: ", "result":"Compare result: Web Apps is consistent. local entities count is: 0 local entities hash is: "}
{"logTime": "1003/214205", "correlationVector":"4XpBqbShEEffOnKM7RMfWu","action":"Commit Request", "result":"", "context":Item count: 1
Contributing types: Device Info}
{"logTime": "1003/214206", "correlationVector":"4XpBqbShEEffOnKM7RMfWu.1","action":"SyncServerConnectionManagerRequest", "result":"SYNC_SERVER_OK", "context":{"environment":"Prod_southindia_prod-s01-004-apac-southindia", "migrationStage":"NotStarted", "server":"akswtt10700005m"}}
{"logTime": "1003/214206", "correlationVector":"4XpBqbShEEffOnKM7RMfWu.2","action":"Commit Response", "result":"Success", "context":Result: Success. cV=4XpBqbShEEffOnKM7RMfWu.0;server=akswtt10700005m;cloudType=Consumer;environment=Prod_southindia_prod-s01-004-apac-southindia;migrationStage=NotStarted}
{"logTime": "1003/214206", "correlationVector":"","action":"DIAGNOSTIC_REQUEST|v1/diagnosticData/Diagnostic.SendCheckResult()|SUCCESS", "result":""}
{"logTime": "1003/214230", "correlationVector":"","action":"Microsoft.Sync.State.UserActionableError.30Sec", "result":"Error:7"}
{"logTime": "1003/214230", "correlationVector":"","action":"Microsoft.Sync.State.Existing.UserActionableError.30Sec", "result":"Error:7"}
