2026-10-03 21:39:09.846: [INFO] CurrentProfilePath: C:\Users\Atharv Naik\Desktop\AI-CivicFix-Manual-UI\scratch\edge-profile-analysis-2\Default
2026-10-03 21:39:09.846: [INFO] Profiles total count: 1
2026-10-03 21:39:09.846: [INFO] Profile: name=Profile 1 path=C:\Users\Atharv Naik\Desktop\AI-CivicFix-Manual-UI\scratch\edge-profile-analysis-2\Default lastActive=null
2026-10-03 21:39:09.846: [INFO] LastUsedProfileDir: C:\Users\Atharv Naik\Desktop\AI-CivicFix-Manual-UI\scratch\edge-profile-analysis-2\Default
2026-10-03 21:39:09.846: [INFO] VisibilityChanged: 0
2026-10-03 21:39:09.858: [INFO] RecordSyncInitDuration has_sync_been_enabled: 0 state: 0
2026-10-03 21:39:09.859: [INFO] RecordSyncInitDuration has_sync_been_enabled: 0 state: 0
2026-10-03 21:39:09.860: [INFO] RecordSyncInitDuration has_sync_been_enabled: 0 state: 0
2026-10-03 21:39:09.861: [INFO] RecordSyncInitDuration has_sync_been_enabled: 0 state: 0
2026-10-03 21:39:09.862: [INFO] RecordSyncInitDuration has_sync_been_enabled: 0 state: 0
2026-10-03 21:39:09.863: [INFO] RecordSyncInitDuration has_sync_been_enabled: 0 state: 0
2026-10-03 21:39:09.864: [INFO] RecordSyncInitDuration has_sync_been_enabled: 0 state: 0
2026-10-03 21:39:09.865: [INFO] RecordSyncInitDuration has_sync_been_enabled: 0 state: 0
2026-10-03 21:39:09.866: [INFO] RecordSyncInitDuration has_sync_been_enabled: 0 state: 0
2026-10-03 21:39:09.867: [INFO] RecordSyncInitDuration has_sync_been_enabled: 0 state: 0
2026-10-03 21:39:09.879: [INFO] BookmarkNodeAdded, ABU: 0
2026-10-03 21:39:09.879: [INFO] BookmarkNodeAdded, ABU: 0
2026-10-03 21:39:09.880: [INFO] BookmarkNodeAdded, ABU: 0
2026-10-03 21:39:09.880: [INFO] OnDoneLoading sync enabled: 0
2026-10-03 21:39:09.880: [INFO] BookmarkModelLoaded, ids_reassigned: 0
2026-10-03 21:39:09.880: [INFO] BookmarksLoadDropped droppedNodes=0
2026-10-03 21:39:09.880: [INFO] BookmarksSnapshot Startup total=3 bar=3 other=0 mobile=0 showBar=0 showBarNTP=1
2026-10-03 21:39:09.882: [INFO] RecordSyncInitDuration has_sync_been_enabled: 0 state: 0
2026-10-03 21:39:11.523: [INFO] RecordSyncInitDuration has_sync_been_enabled: 0 state: 0
2026-10-03 21:39:11.527: [INFO] RecordSyncInitDuration has_sync_been_enabled: 0 state: 3
2026-10-03 21:39:11.531: [INFO] Primary account changed.
2026-10-03 21:39:11.531: [INFO] OnPrimaryAccountChanged PrimaryAccountChangeEvent::Type::kSet
2026-10-03 21:39:11.544: [INFO] RecordSyncInitDuration has_sync_been_enabled: 0 state: 3
2026-10-03 21:39:11.568: [INFO] RecordSyncInitDuration has_sync_been_enabled: 0 state: 3
2026-10-03 21:39:15.646: [INFO] BookmarkNodeAdded, ABU: 0
2026-10-03 21:39:16.225: [INFO] Sync initialization duration: 4583ms
