2026-10-03 19:22:54.207: [INFO] CurrentProfilePath: C:\Users\Atharv Naik\Desktop\AI-CivicFix-Manual-UI\scratch\edge-profile-direct\Default
2026-10-03 19:22:54.207: [INFO] Profiles total count: 1
2026-10-03 19:22:54.207: [INFO] Profile: name=Profile 1 path=C:\Users\Atharv Naik\Desktop\AI-CivicFix-Manual-UI\scratch\edge-profile-direct\Default lastActive=null
2026-10-03 19:22:54.207: [INFO] LastUsedProfileDir: C:\Users\Atharv Naik\Desktop\AI-CivicFix-Manual-UI\scratch\edge-profile-direct\Default
2026-10-03 19:22:54.207: [INFO] VisibilityChanged: 0
2026-10-03 19:22:54.223: [INFO] RecordSyncInitDuration has_sync_been_enabled: 0 state: 0
2026-10-03 19:22:54.224: [INFO] RecordSyncInitDuration has_sync_been_enabled: 0 state: 0
2026-10-03 19:22:54.226: [INFO] RecordSyncInitDuration has_sync_been_enabled: 0 state: 0
2026-10-03 19:22:54.227: [INFO] RecordSyncInitDuration has_sync_been_enabled: 0 state: 0
2026-10-03 19:22:54.228: [INFO] RecordSyncInitDuration has_sync_been_enabled: 0 state: 0
2026-10-03 19:22:54.230: [INFO] RecordSyncInitDuration has_sync_been_enabled: 0 state: 0
2026-10-03 19:22:54.231: [INFO] RecordSyncInitDuration has_sync_been_enabled: 0 state: 0
2026-10-03 19:22:54.232: [INFO] RecordSyncInitDuration has_sync_been_enabled: 0 state: 0
2026-10-03 19:22:54.234: [INFO] RecordSyncInitDuration has_sync_been_enabled: 0 state: 0
2026-10-03 19:22:54.236: [INFO] RecordSyncInitDuration has_sync_been_enabled: 0 state: 0
2026-10-03 19:22:54.256: [INFO] BookmarkNodeAdded, ABU: 0
2026-10-03 19:22:54.256: [INFO] BookmarkNodeAdded, ABU: 0
2026-10-03 19:22:54.257: [INFO] BookmarkNodeAdded, ABU: 0
2026-10-03 19:22:54.257: [INFO] OnDoneLoading sync enabled: 0
2026-10-03 19:22:54.257: [INFO] BookmarkModelLoaded, ids_reassigned: 0
2026-10-03 19:22:54.257: [INFO] BookmarksLoadDropped droppedNodes=0
2026-10-03 19:22:54.257: [INFO] BookmarksSnapshot Startup total=3 bar=3 other=0 mobile=0 showBar=0 showBarNTP=1
2026-10-03 19:22:54.259: [INFO] RecordSyncInitDuration has_sync_been_enabled: 0 state: 0
2026-10-03 19:22:55.620: [INFO] RecordSyncInitDuration has_sync_been_enabled: 0 state: 0
2026-10-03 19:22:55.625: [INFO] RecordSyncInitDuration has_sync_been_enabled: 0 state: 3
2026-10-03 19:22:55.628: [INFO] Primary account changed.
2026-10-03 19:22:55.628: [INFO] OnPrimaryAccountChanged PrimaryAccountChangeEvent::Type::kSet
2026-10-03 19:22:55.644: [INFO] RecordSyncInitDuration has_sync_been_enabled: 0 state: 3
2026-10-03 19:22:55.671: [INFO] RecordSyncInitDuration has_sync_been_enabled: 0 state: 3
2026-10-03 19:22:59.195: [INFO] BookmarkNodeAdded, ABU: 0
2026-10-03 19:22:59.940: [INFO] Sync initialization duration: 4191ms
